// Jest Snapshot v1, https://goo.gl/fbAQLP

exports[`App component Should render app without error 1`] = `
<DocumentFragment>
  <div>
    My first component
  </div>
</DocumentFragment>
`;
